
Discarded input sections

 .text          0x00000000        0x0 ..\obj\stm32f10x_tim.o
 .data          0x00000000        0x0 ..\obj\stm32f10x_tim.o
 .bss           0x00000000        0x0 ..\obj\stm32f10x_tim.o
 .text.TIM_DeInit
                0x00000000      0x22c ..\obj\stm32f10x_tim.o
 .text.TIM_ICInit
                0x00000000       0xa8 ..\obj\stm32f10x_tim.o
 .text.TIM_PWMIConfig
                0x00000000       0xb8 ..\obj\stm32f10x_tim.o
 .text.TIM_BDTRConfig
                0x00000000       0x50 ..\obj\stm32f10x_tim.o
 .text.TIM_TimeBaseStructInit
                0x00000000       0x34 ..\obj\stm32f10x_tim.o
 .text.TIM_OCStructInit
                0x00000000       0x44 ..\obj\stm32f10x_tim.o
 .text.TIM_ICStructInit
                0x00000000       0x30 ..\obj\stm32f10x_tim.o
 .text.TIM_BDTRStructInit
                0x00000000       0x3c ..\obj\stm32f10x_tim.o
 .text.TIM_CtrlPWMOutputs
                0x00000000       0x4c ..\obj\stm32f10x_tim.o
 .text.TIM_ITConfig
                0x00000000       0x48 ..\obj\stm32f10x_tim.o
 .text.TIM_GenerateEvent
                0x00000000       0x1c ..\obj\stm32f10x_tim.o
 .text.TIM_DMAConfig
                0x00000000       0x28 ..\obj\stm32f10x_tim.o
 .text.TIM_DMACmd
                0x00000000       0x48 ..\obj\stm32f10x_tim.o
 .text.TIM_InternalClockConfig
                0x00000000       0x24 ..\obj\stm32f10x_tim.o
 .text.TIM_ITRxExternalClockConfig
                0x00000000       0x2c ..\obj\stm32f10x_tim.o
 .text.TIM_TIxExternalClockConfig
                0x00000000       0x60 ..\obj\stm32f10x_tim.o
 .text.TIM_ETRClockMode1Config
                0x00000000       0x5c ..\obj\stm32f10x_tim.o
 .text.TIM_ETRClockMode2Config
                0x00000000       0x3c ..\obj\stm32f10x_tim.o
 .text.TIM_ETRConfig
                0x00000000       0x54 ..\obj\stm32f10x_tim.o
 .text.TIM_PrescalerConfig
                0x00000000       0x28 ..\obj\stm32f10x_tim.o
 .text.TIM_CounterModeConfig
                0x00000000       0x38 ..\obj\stm32f10x_tim.o
 .text.TIM_SelectInputTrigger
                0x00000000       0x38 ..\obj\stm32f10x_tim.o
 .text.TIM_EncoderInterfaceConfig
                0x00000000       0x98 ..\obj\stm32f10x_tim.o
 .text.TIM_ForcedOC1Config
                0x00000000       0x38 ..\obj\stm32f10x_tim.o
 .text.TIM_ForcedOC2Config
                0x00000000       0x3c ..\obj\stm32f10x_tim.o
 .text.TIM_ForcedOC3Config
                0x00000000       0x38 ..\obj\stm32f10x_tim.o
 .text.TIM_ForcedOC4Config
                0x00000000       0x3c ..\obj\stm32f10x_tim.o
 .text.TIM_SelectCOM
                0x00000000       0x40 ..\obj\stm32f10x_tim.o
 .text.TIM_SelectCCDMA
                0x00000000       0x40 ..\obj\stm32f10x_tim.o
 .text.TIM_CCPreloadControl
                0x00000000       0x40 ..\obj\stm32f10x_tim.o
 .text.TIM_OC1FastConfig
                0x00000000       0x38 ..\obj\stm32f10x_tim.o
 .text.TIM_OC2FastConfig
                0x00000000       0x3c ..\obj\stm32f10x_tim.o
 .text.TIM_OC3FastConfig
                0x00000000       0x38 ..\obj\stm32f10x_tim.o
 .text.TIM_OC4FastConfig
                0x00000000       0x3c ..\obj\stm32f10x_tim.o
 .text.TIM_ClearOC1Ref
                0x00000000       0x38 ..\obj\stm32f10x_tim.o
 .text.TIM_ClearOC2Ref
                0x00000000       0x3c ..\obj\stm32f10x_tim.o
 .text.TIM_ClearOC3Ref
                0x00000000       0x38 ..\obj\stm32f10x_tim.o
 .text.TIM_ClearOC4Ref
                0x00000000       0x3c ..\obj\stm32f10x_tim.o
 .text.TIM_OC1PolarityConfig
                0x00000000       0x38 ..\obj\stm32f10x_tim.o
 .text.TIM_OC1NPolarityConfig
                0x00000000       0x38 ..\obj\stm32f10x_tim.o
 .text.TIM_OC2PolarityConfig
                0x00000000       0x3c ..\obj\stm32f10x_tim.o
 .text.TIM_OC2NPolarityConfig
                0x00000000       0x3c ..\obj\stm32f10x_tim.o
 .text.TIM_OC3PolarityConfig
                0x00000000       0x3c ..\obj\stm32f10x_tim.o
 .text.TIM_OC3NPolarityConfig
                0x00000000       0x3c ..\obj\stm32f10x_tim.o
 .text.TIM_OC4PolarityConfig
                0x00000000       0x3c ..\obj\stm32f10x_tim.o
 .text.TIM_CCxCmd
                0x00000000       0x54 ..\obj\stm32f10x_tim.o
 .text.TIM_CCxNCmd
                0x00000000       0x54 ..\obj\stm32f10x_tim.o
 .text.TIM_SelectOCxM
                0x00000000       0xac ..\obj\stm32f10x_tim.o
 .text.TIM_UpdateDisableConfig
                0x00000000       0x40 ..\obj\stm32f10x_tim.o
 .text.TIM_UpdateRequestConfig
                0x00000000       0x40 ..\obj\stm32f10x_tim.o
 .text.TIM_SelectHallSensor
                0x00000000       0x40 ..\obj\stm32f10x_tim.o
 .text.TIM_SelectOnePulseMode
                0x00000000       0x38 ..\obj\stm32f10x_tim.o
 .text.TIM_SelectOutputTrigger
                0x00000000       0x38 ..\obj\stm32f10x_tim.o
 .text.TIM_SelectSlaveMode
                0x00000000       0x38 ..\obj\stm32f10x_tim.o
 .text.TIM_SelectMasterSlaveMode
                0x00000000       0x38 ..\obj\stm32f10x_tim.o
 .text.TIM_SetCounter
                0x00000000       0x1c ..\obj\stm32f10x_tim.o
 .text.TIM_SetAutoreload
                0x00000000       0x1c ..\obj\stm32f10x_tim.o
 .text.TIM_SetIC1Prescaler
                0x00000000       0x38 ..\obj\stm32f10x_tim.o
 .text.TIM_SetIC2Prescaler
                0x00000000       0x3c ..\obj\stm32f10x_tim.o
 .text.TIM_SetIC3Prescaler
                0x00000000       0x38 ..\obj\stm32f10x_tim.o
 .text.TIM_SetIC4Prescaler
                0x00000000       0x3c ..\obj\stm32f10x_tim.o
 .text.TIM_SetClockDivision
                0x00000000       0x38 ..\obj\stm32f10x_tim.o
 .text.TIM_GetCapture1
                0x00000000       0x1c ..\obj\stm32f10x_tim.o
 .text.TIM_GetCapture2
                0x00000000       0x1c ..\obj\stm32f10x_tim.o
 .text.TIM_GetCapture3
                0x00000000       0x1c ..\obj\stm32f10x_tim.o
 .text.TIM_GetCapture4
                0x00000000       0x1c ..\obj\stm32f10x_tim.o
 .text.TIM_GetPrescaler
                0x00000000       0x1c ..\obj\stm32f10x_tim.o
 .text.TIM_GetFlagStatus
                0x00000000       0x38 ..\obj\stm32f10x_tim.o
 .text.TIM_GetITStatus
                0x00000000       0x54 ..\obj\stm32f10x_tim.o
 .text.TIM_ClearITPendingBit
                0x00000000       0x20 ..\obj\stm32f10x_tim.o
 .text.TI1_Config
                0x00000000       0xe0 ..\obj\stm32f10x_tim.o
 .text.TI2_Config
                0x00000000       0xf4 ..\obj\stm32f10x_tim.o
 .text.TI3_Config
                0x00000000       0xec ..\obj\stm32f10x_tim.o
 .text.TI4_Config
                0x00000000       0xf8 ..\obj\stm32f10x_tim.o
 .text          0x00000000        0x0 ..\obj\system_stm32f10x.o
 .data          0x00000000       0x14 ..\obj\system_stm32f10x.o
 .bss           0x00000000        0x0 ..\obj\system_stm32f10x.o
 .text.SystemCoreClockUpdate
                0x00000000       0xdc ..\obj\system_stm32f10x.o
 .text          0x00000000        0x0 ..\obj\startup_stm32f10x_hd.o
 .data          0x00000000        0x0 ..\obj\startup_stm32f10x_hd.o
 .bss           0x00000000        0x0 ..\obj\startup_stm32f10x_hd.o
 .text          0x00000000        0x0 ..\obj\stm32f10x_gpio.o
 .data          0x00000000        0x0 ..\obj\stm32f10x_gpio.o
 .bss           0x00000000        0x0 ..\obj\stm32f10x_gpio.o
 .text.GPIO_DeInit
                0x00000000       0xe4 ..\obj\stm32f10x_gpio.o
 .text.GPIO_AFIODeInit
                0x00000000       0x18 ..\obj\stm32f10x_gpio.o
 .text.GPIO_StructInit
                0x00000000       0x28 ..\obj\stm32f10x_gpio.o
 .text.GPIO_ReadInputDataBit
                0x00000000       0x34 ..\obj\stm32f10x_gpio.o
 .text.GPIO_ReadInputData
                0x00000000       0x1c ..\obj\stm32f10x_gpio.o
 .text.GPIO_ReadOutputDataBit
                0x00000000       0x34 ..\obj\stm32f10x_gpio.o
 .text.GPIO_ReadOutputData
                0x00000000       0x1c ..\obj\stm32f10x_gpio.o
 .text.GPIO_SetBits
                0x00000000       0x1c ..\obj\stm32f10x_gpio.o
 .text.GPIO_ResetBits
                0x00000000       0x1c ..\obj\stm32f10x_gpio.o
 .text.GPIO_WriteBit
                0x00000000       0x30 ..\obj\stm32f10x_gpio.o
 .text.GPIO_Write
                0x00000000       0x1c ..\obj\stm32f10x_gpio.o
 .text.GPIO_PinLockConfig
                0x00000000       0x44 ..\obj\stm32f10x_gpio.o
 .text.GPIO_EventOutputConfig
                0x00000000       0x4c ..\obj\stm32f10x_gpio.o
 .text.GPIO_EventOutputCmd
                0x00000000       0x20 ..\obj\stm32f10x_gpio.o
 .text.GPIO_EXTILineConfig
                0x00000000       0x84 ..\obj\stm32f10x_gpio.o
 .text.GPIO_ETH_MediaInterfaceConfig
                0x00000000       0x1c ..\obj\stm32f10x_gpio.o
 .text          0x00000000        0x0 ..\obj\main.o
 .data          0x00000000        0x0 ..\obj\main.o
 .text          0x00000000        0x0 ..\obj\stm32f10x_rcc.o
 .data          0x00000000       0x14 ..\obj\stm32f10x_rcc.o
 .bss           0x00000000        0x0 ..\obj\stm32f10x_rcc.o
 .text.RCC_DeInit
                0x00000000       0x5c ..\obj\stm32f10x_rcc.o
 .text.RCC_HSEConfig
                0x00000000       0x5c ..\obj\stm32f10x_rcc.o
 .text.RCC_WaitForHSEStartUp
                0x00000000       0x50 ..\obj\stm32f10x_rcc.o
 .text.RCC_AdjustHSICalibrationValue
                0x00000000       0x3c ..\obj\stm32f10x_rcc.o
 .text.RCC_HSICmd
                0x00000000       0x20 ..\obj\stm32f10x_rcc.o
 .text.RCC_PLLConfig
                0x00000000       0x3c ..\obj\stm32f10x_rcc.o
 .text.RCC_PLLCmd
                0x00000000       0x20 ..\obj\stm32f10x_rcc.o
 .text.RCC_SYSCLKConfig
                0x00000000       0x38 ..\obj\stm32f10x_rcc.o
 .text.RCC_GetSYSCLKSource
                0x00000000       0x20 ..\obj\stm32f10x_rcc.o
 .text.RCC_HCLKConfig
                0x00000000       0x38 ..\obj\stm32f10x_rcc.o
 .text.RCC_PCLK1Config
                0x00000000       0x38 ..\obj\stm32f10x_rcc.o
 .text.RCC_PCLK2Config
                0x00000000       0x38 ..\obj\stm32f10x_rcc.o
 .text.RCC_ITConfig
                0x00000000       0x4c ..\obj\stm32f10x_rcc.o
 .text.RCC_USBCLKConfig
                0x00000000       0x1c ..\obj\stm32f10x_rcc.o
 .text.RCC_ADCCLKConfig
                0x00000000       0x38 ..\obj\stm32f10x_rcc.o
 .text.RCC_LSEConfig
                0x00000000       0x40 ..\obj\stm32f10x_rcc.o
 .text.RCC_LSICmd
                0x00000000       0x20 ..\obj\stm32f10x_rcc.o
 .text.RCC_RTCCLKConfig
                0x00000000       0x24 ..\obj\stm32f10x_rcc.o
 .text.RCC_RTCCLKCmd
                0x00000000       0x20 ..\obj\stm32f10x_rcc.o
 .text.RCC_GetClocksFreq
                0x00000000      0x164 ..\obj\stm32f10x_rcc.o
 .text.RCC_AHBPeriphClockCmd
                0x00000000       0x3c ..\obj\stm32f10x_rcc.o
 .text.RCC_APB2PeriphResetCmd
                0x00000000       0x3c ..\obj\stm32f10x_rcc.o
 .text.RCC_APB1PeriphResetCmd
                0x00000000       0x3c ..\obj\stm32f10x_rcc.o
 .text.RCC_BackupResetCmd
                0x00000000       0x20 ..\obj\stm32f10x_rcc.o
 .text.RCC_ClockSecuritySystemCmd
                0x00000000       0x20 ..\obj\stm32f10x_rcc.o
 .text.RCC_MCOConfig
                0x00000000       0x20 ..\obj\stm32f10x_rcc.o
 .text.RCC_GetFlagStatus
                0x00000000       0x74 ..\obj\stm32f10x_rcc.o
 .text.RCC_ClearFlag
                0x00000000       0x1c ..\obj\stm32f10x_rcc.o
 .text.RCC_GetITStatus
                0x00000000       0x38 ..\obj\stm32f10x_rcc.o
 .text.RCC_ClearITPendingBit
                0x00000000       0x20 ..\obj\stm32f10x_rcc.o

Memory Configuration

Name             Origin             Length             Attributes
rom              0x0800d000         0x00080000         xr
ram              0x20000000         0x00010000         xrw
*default*        0x00000000         0xffffffff

Linker script and memory map

                0x20010000                _eram = 0x20010000

.text           0x0800d000     0x12d0
 *(.isr_vector)
 .isr_vector    0x0800d000      0x134 ..\obj\startup_stm32f10x_hd.o
                0x0800d000                g_pfnVectors
 *(.text*)
 .text.TIM_TimeBaseInit
                0x0800d134       0xf8 ..\obj\stm32f10x_tim.o
                0x0800d134                TIM_TimeBaseInit
 .text.TIM_OC1Init
                0x0800d22c      0x118 ..\obj\stm32f10x_tim.o
                0x0800d22c                TIM_OC1Init
 .text.TIM_OC2Init
                0x0800d344      0x110 ..\obj\stm32f10x_tim.o
                0x0800d344                TIM_OC2Init
 .text.TIM_OC3Init
                0x0800d454      0x10c ..\obj\stm32f10x_tim.o
                0x0800d454                TIM_OC3Init
 .text.TIM_OC4Init
                0x0800d560       0xd0 ..\obj\stm32f10x_tim.o
                0x0800d560                TIM_OC4Init
 .text.TIM_Cmd  0x0800d630       0x40 ..\obj\stm32f10x_tim.o
                0x0800d630                TIM_Cmd
 .text.TIM_ARRPreloadConfig
                0x0800d670       0x40 ..\obj\stm32f10x_tim.o
                0x0800d670                TIM_ARRPreloadConfig
 .text.TIM_OC1PreloadConfig
                0x0800d6b0       0x38 ..\obj\stm32f10x_tim.o
                0x0800d6b0                TIM_OC1PreloadConfig
 .text.TIM_OC2PreloadConfig
                0x0800d6e8       0x3c ..\obj\stm32f10x_tim.o
                0x0800d6e8                TIM_OC2PreloadConfig
 .text.TIM_OC3PreloadConfig
                0x0800d724       0x38 ..\obj\stm32f10x_tim.o
                0x0800d724                TIM_OC3PreloadConfig
 .text.TIM_OC4PreloadConfig
                0x0800d75c       0x3c ..\obj\stm32f10x_tim.o
                0x0800d75c                TIM_OC4PreloadConfig
 .text.TIM_SetCompare1
                0x0800d798       0x1c ..\obj\stm32f10x_tim.o
                0x0800d798                TIM_SetCompare1
 .text.TIM_SetCompare2
                0x0800d7b4       0x1c ..\obj\stm32f10x_tim.o
                0x0800d7b4                TIM_SetCompare2
 .text.TIM_SetCompare3
                0x0800d7d0       0x1c ..\obj\stm32f10x_tim.o
                0x0800d7d0                TIM_SetCompare3
 .text.TIM_SetCompare4
                0x0800d7ec       0x20 ..\obj\stm32f10x_tim.o
                0x0800d7ec                TIM_SetCompare4
 .text.TIM_GetCounter
                0x0800d80c       0x1c ..\obj\stm32f10x_tim.o
                0x0800d80c                TIM_GetCounter
 .text.TIM_ClearFlag
                0x0800d828       0x20 ..\obj\stm32f10x_tim.o
                0x0800d828                TIM_ClearFlag
 .text.SystemInit
                0x0800d848       0x68 ..\obj\system_stm32f10x.o
                0x0800d848                SystemInit
 .text.SetSysClock
                0x0800d8b0        0xc ..\obj\system_stm32f10x.o
 .text.SetSysClockTo72
                0x0800d8bc      0x100 ..\obj\system_stm32f10x.o
 .text.Default_Reset_Handler
                0x0800d9bc       0x5c ..\obj\startup_stm32f10x_hd.o
                0x0800d9bc                Default_Reset_Handler
                0x0800d9bc                Reset_Handler
 .text.Default_Handler
                0x0800da18        0x8 ..\obj\startup_stm32f10x_hd.o
                0x0800da18                EXTI2_IRQHandler
                0x0800da18                TIM8_TRG_COM_IRQHandler
                0x0800da18                TIM8_CC_IRQHandler
                0x0800da18                DebugMon_Handler
                0x0800da18                TIM1_CC_IRQHandler
                0x0800da18                HardFault_Handler
                0x0800da18                TIM6_IRQHandler
                0x0800da18                SysTick_Handler
                0x0800da18                PVD_IRQHandler
                0x0800da18                SDIO_IRQHandler
                0x0800da18                PendSV_Handler
                0x0800da18                NMI_Handler
                0x0800da18                EXTI3_IRQHandler
                0x0800da18                EXTI0_IRQHandler
                0x0800da18                I2C2_EV_IRQHandler
                0x0800da18                UsageFault_Handler
                0x0800da18                ADC1_2_IRQHandler
                0x0800da18                SPI1_IRQHandler
                0x0800da18                TAMPER_IRQHandler
                0x0800da18                TIM8_UP_IRQHandler
                0x0800da18                DMA2_Channel2_IRQHandler
                0x0800da18                DMA1_Channel4_IRQHandler
                0x0800da18                USART3_IRQHandler
                0x0800da18                RTC_IRQHandler
                0x0800da18                DMA1_Channel7_IRQHandler
                0x0800da18                CAN1_RX1_IRQHandler
                0x0800da18                UART5_IRQHandler
                0x0800da18                ADC3_IRQHandler
                0x0800da18                TIM4_IRQHandler
                0x0800da18                DMA2_Channel1_IRQHandler
                0x0800da18                I2C1_EV_IRQHandler
                0x0800da18                DMA1_Channel6_IRQHandler
                0x0800da18                UART4_IRQHandler
                0x0800da18                TIM3_IRQHandler
                0x0800da18                RCC_IRQHandler
                0x0800da18                TIM1_TRG_COM_IRQHandler
                0x0800da18                DMA1_Channel1_IRQHandler
                0x0800da18                EXTI15_10_IRQHandler
                0x0800da18                TIM7_IRQHandler
                0x0800da18                TIM5_IRQHandler
                0x0800da18                EXTI9_5_IRQHandler
                0x0800da18                SPI2_IRQHandler
                0x0800da18                MemManage_Handler
                0x0800da18                SVC_Handler
                0x0800da18                DMA1_Channel5_IRQHandler
                0x0800da18                EXTI4_IRQHandler
                0x0800da18                USB_LP_CAN1_RX0_IRQHandler
                0x0800da18                USB_HP_CAN1_TX_IRQHandler
                0x0800da18                DMA1_Channel3_IRQHandler
                0x0800da18                FSMC_IRQHandler
                0x0800da18                TIM1_UP_IRQHandler
                0x0800da18                WWDG_IRQHandler
                0x0800da18                TIM2_IRQHandler
                0x0800da18                TIM1_BRK_IRQHandler
                0x0800da18                EXTI1_IRQHandler
                0x0800da18                RTCAlarm_IRQHandler
                0x0800da18                DMA2_Channel4_5_IRQHandler
                0x0800da18                USART2_IRQHandler
                0x0800da18                I2C2_ER_IRQHandler
                0x0800da18                DMA1_Channel2_IRQHandler
                0x0800da18                TIM8_BRK_IRQHandler
                0x0800da18                CAN1_SCE_IRQHandler
                0x0800da18                FLASH_IRQHandler
                0x0800da18                BusFault_Handler
                0x0800da18                USART1_IRQHandler
                0x0800da18                SPI3_IRQHandler
                0x0800da18                I2C1_ER_IRQHandler
                0x0800da18                USBWakeUp_IRQHandler
                0x0800da18                DMA2_Channel3_IRQHandler
 .text.GPIO_Init
                0x0800da20      0x180 ..\obj\stm32f10x_gpio.o
                0x0800da20                GPIO_Init
 .text.GPIO_PinRemapConfig
                0x0800dba0       0xe0 ..\obj\stm32f10x_gpio.o
                0x0800dba0                GPIO_PinRemapConfig
 .text.main     0x0800dc80      0x1c0 ..\obj\main.o
                0x0800dc80                main
 .text.TIM3_Configuration
                0x0800de40       0x50 ..\obj\main.o
                0x0800de40                TIM3_Configuration
 .text.PWM_Output_Configuration
                0x0800de90       0xe4 ..\obj\main.o
                0x0800de90                PWM_Output_Configuration
 .text.throttle_update
                0x0800df74       0x88 ..\obj\main.o
                0x0800df74                throttle_update
 .text.aer_update
                0x0800dffc      0x25c ..\obj\main.o
                0x0800dffc                aer_update
 .text.RCC_APB2PeriphClockCmd
                0x0800e258       0x3c ..\obj\stm32f10x_rcc.o
                0x0800e258                RCC_APB2PeriphClockCmd
 .text.RCC_APB1PeriphClockCmd
                0x0800e294       0x3c ..\obj\stm32f10x_rcc.o
                0x0800e294                RCC_APB1PeriphClockCmd
 *(.init)
 *(.fini)
 *crtbegin.o(.ctors)
 *crtbegin?.o(.ctors)
 *(EXCLUDE_FILE(*crtend.o *crtend?.o) .ctors)
 *(SORT(.ctors.*))
 *(.ctors)
 *crtbegin.o(.dtors)
 *crtbegin?.o(.dtors)
 *(EXCLUDE_FILE(*crtend.o *crtend?.o) .dtors)
 *(SORT(.dtors.*))
 *(.dtors)
 *(.rodata*)
 *(.eh_fram e*)

.glue_7         0x0800e2d0        0x0
 .glue_7        0x00000000        0x0 linker stubs

.glue_7t        0x0800e2d0        0x0
 .glue_7t       0x00000000        0x0 linker stubs

.vfp11_veneer   0x0800e2d0        0x0
 .vfp11_veneer  0x00000000        0x0 linker stubs

.v4_bx          0x0800e2d0        0x0
 .v4_bx         0x00000000        0x0 linker stubs

.iplt           0x0800e2d0        0x0
 .iplt          0x00000000        0x0 ..\obj\stm32f10x_tim.o

.rel.dyn        0x0800e2d0        0x0
 .rel.iplt      0x00000000        0x0 ..\obj\stm32f10x_tim.o

.ARM.extab
 *(.ARM.extab* .gnu.linkonce.armextab.*)
                0x0800e2d0                __exidx_start = .

.ARM.exidx
 *(.ARM.exidx* .gnu.linkonce.armexidx.*)
                0x0800e2d0                __exidx_end = .
                0x0800e2d0                __etext = .
                0x0800e2d0                _sidata = __etext

.data           0x20000000        0x0 load address 0x0800e2d0
                0x20000000                __data_start__ = .
                0x20000000                _sdata = __data_start__
 *(vtable)
 *(.data*)
                0x20000000                . = ALIGN (0x4)
                0x20000000                PROVIDE (__preinit_array_start, .)
 *(.preinit_array)
                0x20000000                PROVIDE (__preinit_array_end, .)
                0x20000000                . = ALIGN (0x4)
                0x20000000                PROVIDE (__init_array_start, .)
 *(SORT(.init_array.*))
 *(.init_array)
                0x20000000                PROVIDE (__init_array_end, .)
                0x20000000                . = ALIGN (0x4)
                0x20000000                PROVIDE (__fini_array_start, .)
 *(SORT(.fini_array.*))
 *(.fini_array)
                0x20000000                PROVIDE (__fini_array_end, .)
 *(.jcr*)
                0x20000000                . = ALIGN (0x4)
                0x20000000                __data_end__ = .
                0x20000000                _edata = __data_end__

.igot.plt       0x20000000        0x0
 .igot.plt      0x00000000        0x0 ..\obj\stm32f10x_tim.o

.bss            0x20000000       0x1c
                0x20000000                . = ALIGN (0x4)
                0x20000000                __bss_start__ = .
                0x20000000                _sbss = __bss_start__
 *(.bss*)
 .bss           0x20000000       0x1c ..\obj\main.o
                0x20000000                time_now
                0x20000004                old_time
                0x20000008                time_1min
                0x2000000c                throttle_phase
                0x20000010                aer_phase
                0x20000014                delay_counter
                0x20000018                finish
 *(COMMON)
                0x2000001c                . = ALIGN (0x4)
                0x2000001c                __bss_end__ = .
                0x2000001c                _ebss = __bss_end__

.heap           0x2000001c        0x0
                0x2000001c                __end__ = .
                0x2000001c                _end = __end__
                0x2000001c                end = __end__
 *(.heap*)
                0x2000001c                __HeapLimit = .

.co_stack       0x2000001c      0x404
                0x20000020                . = ALIGN (0x8)
 *fill*         0x2000001c        0x4 
 *(.co_stack .co_stack.*)
 .co_stack      0x20000020      0x400 ..\obj\startup_stm32f10x_hd.o
                0x20000020                pulStack
                0x20010000                __StackTop = (ORIGIN (ram) + 0x10000)
                0x2000fbfc                __StackLimit = (__StackTop - SIZEOF (.co_stack))
                0x20010000                PROVIDE (__stack, __StackTop)
                0x00000001                ASSERT ((__StackLimit >= __HeapLimit), region ram  overflowed with stack)
LOAD ..\obj\stm32f10x_tim.o
LOAD ..\obj\system_stm32f10x.o
LOAD ..\obj\startup_stm32f10x_hd.o
LOAD ..\obj\stm32f10x_gpio.o
LOAD ..\obj\main.o
LOAD ..\obj\stm32f10x_rcc.o
START GROUP
LOAD c:/program files (x86)/gnu tools arm embedded/4.9 2014q4/bin/../lib/gcc/arm-none-eabi/4.9.3/armv7-m\libgcc.a
LOAD c:/program files (x86)/gnu tools arm embedded/4.9 2014q4/bin/../lib/gcc/arm-none-eabi/4.9.3/../../../../arm-none-eabi/lib/armv7-m\libg.a
LOAD c:/program files (x86)/gnu tools arm embedded/4.9 2014q4/bin/../lib/gcc/arm-none-eabi/4.9.3/../../../../arm-none-eabi/lib/armv7-m\libc.a
END GROUP
OUTPUT(aetr_profile.elf elf32-littlearm)

.debug_info     0x00000000     0x3740
 .debug_info    0x00000000     0x1c58 ..\obj\stm32f10x_tim.o
 .debug_info    0x00001c58      0x479 ..\obj\system_stm32f10x.o
 .debug_info    0x000020d1       0xe9 ..\obj\startup_stm32f10x_hd.o
 .debug_info    0x000021ba      0x6e7 ..\obj\stm32f10x_gpio.o
 .debug_info    0x000028a1      0x612 ..\obj\main.o
 .debug_info    0x00002eb3      0x88d ..\obj\stm32f10x_rcc.o

.debug_abbrev   0x00000000      0x86d
 .debug_abbrev  0x00000000      0x1b0 ..\obj\stm32f10x_tim.o
 .debug_abbrev  0x000001b0      0x14c ..\obj\system_stm32f10x.o
 .debug_abbrev  0x000002fc       0xa7 ..\obj\startup_stm32f10x_hd.o
 .debug_abbrev  0x000003a3      0x1c8 ..\obj\stm32f10x_gpio.o
 .debug_abbrev  0x0000056b      0x148 ..\obj\main.o
 .debug_abbrev  0x000006b3      0x1ba ..\obj\stm32f10x_rcc.o

.debug_aranges  0x00000000      0x550
 .debug_aranges
                0x00000000      0x2f0 ..\obj\stm32f10x_tim.o
 .debug_aranges
                0x000002f0       0x38 ..\obj\system_stm32f10x.o
 .debug_aranges
                0x00000328       0x28 ..\obj\startup_stm32f10x_hd.o
 .debug_aranges
                0x00000350       0xa8 ..\obj\stm32f10x_gpio.o
 .debug_aranges
                0x000003f8       0x40 ..\obj\main.o
 .debug_aranges
                0x00000438      0x118 ..\obj\stm32f10x_rcc.o

.debug_ranges   0x00000000      0x4f0
 .debug_ranges  0x00000000      0x2e0 ..\obj\stm32f10x_tim.o
 .debug_ranges  0x000002e0       0x28 ..\obj\system_stm32f10x.o
 .debug_ranges  0x00000308       0x18 ..\obj\startup_stm32f10x_hd.o
 .debug_ranges  0x00000320       0x98 ..\obj\stm32f10x_gpio.o
 .debug_ranges  0x000003b8       0x30 ..\obj\main.o
 .debug_ranges  0x000003e8      0x108 ..\obj\stm32f10x_rcc.o

.debug_line     0x00000000     0x1aa0
 .debug_line    0x00000000      0xb37 ..\obj\stm32f10x_tim.o
 .debug_line    0x00000b37      0x247 ..\obj\system_stm32f10x.o
 .debug_line    0x00000d7e       0xba ..\obj\startup_stm32f10x_hd.o
 .debug_line    0x00000e38      0x40f ..\obj\stm32f10x_gpio.o
 .debug_line    0x00001247      0x33d ..\obj\main.o
 .debug_line    0x00001584      0x51c ..\obj\stm32f10x_rcc.o

.debug_str      0x00000000     0x1839
 .debug_str     0x00000000      0xd3a ..\obj\stm32f10x_tim.o
                                0xdfd (size before relaxing)
 .debug_str     0x00000d3a      0x18a ..\obj\system_stm32f10x.o
                                0x30f (size before relaxing)
 .debug_str     0x00000ec4       0xc8 ..\obj\startup_stm32f10x_hd.o
                                0x15f (size before relaxing)
 .debug_str     0x00000f8c      0x396 ..\obj\stm32f10x_gpio.o
                                0x539 (size before relaxing)
 .debug_str     0x00001322      0x117 ..\obj\main.o
                                0x5ad (size before relaxing)
 .debug_str     0x00001439      0x400 ..\obj\stm32f10x_rcc.o
                                0x63a (size before relaxing)

.comment        0x00000000       0x70
 .comment       0x00000000       0x70 ..\obj\stm32f10x_tim.o
                                 0x71 (size before relaxing)
 .comment       0x00000000       0x71 ..\obj\system_stm32f10x.o
 .comment       0x00000000       0x71 ..\obj\startup_stm32f10x_hd.o
 .comment       0x00000000       0x71 ..\obj\stm32f10x_gpio.o
 .comment       0x00000000       0x71 ..\obj\main.o
 .comment       0x00000000       0x71 ..\obj\stm32f10x_rcc.o

.ARM.attributes
                0x00000000       0x33
 .ARM.attributes
                0x00000000       0x33 ..\obj\stm32f10x_tim.o
 .ARM.attributes
                0x00000033       0x33 ..\obj\system_stm32f10x.o
 .ARM.attributes
                0x00000066       0x33 ..\obj\startup_stm32f10x_hd.o
 .ARM.attributes
                0x00000099       0x33 ..\obj\stm32f10x_gpio.o
 .ARM.attributes
                0x000000cc       0x33 ..\obj\main.o
 .ARM.attributes
                0x000000ff       0x33 ..\obj\stm32f10x_rcc.o

.debug_frame    0x00000000     0x1784
 .debug_frame   0x00000000      0xe2c ..\obj\stm32f10x_tim.o
 .debug_frame   0x00000e2c       0x98 ..\obj\system_stm32f10x.o
 .debug_frame   0x00000ec4       0x4c ..\obj\startup_stm32f10x_hd.o
 .debug_frame   0x00000f10      0x2d0 ..\obj\stm32f10x_gpio.o
 .debug_frame   0x000011e0       0xb0 ..\obj\main.o
 .debug_frame   0x00001290      0x4f4 ..\obj\stm32f10x_rcc.o
